[INFO] Scanning for projects...
[INFO] 
[INFO] --------------------------< com.chinbiz:api >---------------------------
[INFO] Building chinbiz-api 0.0.1-SNAPSHOT
[INFO]   from pom.xml
[INFO] --------------------------------[ jar ]---------------------------------
[INFO] 
[INFO] >>> spring-boot:3.5.16:run (default-cli) > test-compile @ api >>>
[INFO] 
[INFO] --- resources:3.3.1:resources (default-resources) @ api ---
[INFO] Copying 1 resource from src\main\resources to target\classes
[INFO] Copying 0 resource from src\main\resources to target\classes
[INFO] 
[INFO] --- compiler:3.14.1:compile (default-compile) @ api ---
[INFO] Recompiling the module because of changed source code.
[INFO] Compiling 29 source files with javac [debug parameters release 17] to target\classes
[INFO] 
[INFO] --- resources:3.3.1:testResources (default-testResources) @ api ---
[INFO] skip non existing resourceDirectory C:\ing_process\chinbizERP_V3\be\src\test\resources
[INFO] 
[INFO] --- compiler:3.14.1:testCompile (default-testCompile) @ api ---
[INFO] Recompiling the module because of changed dependency.
[INFO] Compiling 1 source file with javac [debug parameters release 17] to target\test-classes
[INFO] 
[INFO] <<< spring-boot:3.5.16:run (default-cli) < test-compile @ api <<<
[INFO] 
[INFO] 
[INFO] --- spring-boot:3.5.16:run (default-cli) @ api ---
[INFO] Attaching agents: []

  .   ____          _            __ _ _
 /\\ / ___'_ __ _ _(_)_ __  __ _ \ \ \ \
( ( )\___ | '_ | '_| | '_ \/ _` | \ \ \ \
 \\/  ___)| |_)| | | | | || (_| |  ) ) ) )
  '  |____| .__|_| |_|_| |_\__, | / / / /
 =========|_|==============|___/=/_/_/_/

 :: Spring Boot ::               (v3.5.16)

2026-07-11T19:48:19.447+09:00  INFO 1252 --- [chinbiz-api] [           main] com.chinbiz.api.ChinbizApiApplication    : Starting ChinbizApiApplication using Java 17.0.19 with PID 1252 (C:\ing_process\chinbizERP_V3\be\target\classes started by dukebaek in C:\ing_process\chinbizERP_V3\be)
2026-07-11T19:48:19.451+09:00  INFO 1252 --- [chinbiz-api] [           main] com.chinbiz.api.ChinbizApiApplication    : No active profile set, falling back to 1 default profile: "default"
2026-07-11T19:48:19.951+09:00  INFO 1252 --- [chinbiz-api] [           main] .s.d.r.c.RepositoryConfigurationDelegate : Bootstrapping Spring Data JPA repositories in DEFAULT mode.
2026-07-11T19:48:20.000+09:00  INFO 1252 --- [chinbiz-api] [           main] .s.d.r.c.RepositoryConfigurationDelegate : Finished Spring Data repository scanning in 44 ms. Found 5 JPA repository interfaces.
2026-07-11T19:48:20.467+09:00  INFO 1252 --- [chinbiz-api] [           main] o.s.b.w.embedded.tomcat.TomcatWebServer  : Tomcat initialized with port 9001 (http)
2026-07-11T19:48:20.484+09:00  INFO 1252 --- [chinbiz-api] [           main] o.apache.catalina.core.StandardService   : Starting service [Tomcat]
2026-07-11T19:48:20.484+09:00  INFO 1252 --- [chinbiz-api] [           main] o.apache.catalina.core.StandardEngine    : Starting Servlet engine: [Apache Tomcat/10.1.55]
2026-07-11T19:48:20.667+09:00  INFO 1252 --- [chinbiz-api] [           main] o.a.c.c.C.[Tomcat].[localhost].[/]       : Initializing Spring embedded WebApplicationContext
2026-07-11T19:48:20.667+09:00  INFO 1252 --- [chinbiz-api] [           main] w.s.c.ServletWebServerApplicationContext : Root WebApplicationContext: initialization completed in 1183 ms
2026-07-11T19:48:20.801+09:00  INFO 1252 --- [chinbiz-api] [           main] o.hibernate.jpa.internal.util.LogHelper  : HHH000204: Processing PersistenceUnitInfo [name: default]
2026-07-11T19:48:20.834+09:00  INFO 1252 --- [chinbiz-api] [           main] org.hibernate.Version                    : HHH000412: Hibernate ORM core version 6.6.53.Final
2026-07-11T19:48:20.872+09:00  INFO 1252 --- [chinbiz-api] [           main] o.h.c.internal.RegionFactoryInitiator    : HHH000026: Second-level cache disabled
2026-07-11T19:48:21.101+09:00  INFO 1252 --- [chinbiz-api] [           main] o.s.o.j.p.SpringPersistenceUnitInfo      : No LoadTimeWeaver setup: ignoring JPA class transformer
2026-07-11T19:48:21.118+09:00  INFO 1252 --- [chinbiz-api] [           main] com.zaxxer.hikari.HikariDataSource       : HikariPool-1 - Starting...
2026-07-11T19:48:21.332+09:00  INFO 1252 --- [chinbiz-api] [           main] com.zaxxer.hikari.pool.HikariPool        : HikariPool-1 - Added connection com.mysql.cj.jdbc.ConnectionImpl@6141647f
2026-07-11T19:48:21.334+09:00  INFO 1252 --- [chinbiz-api] [           main] com.zaxxer.hikari.HikariDataSource       : HikariPool-1 - Start completed.
2026-07-11T19:48:21.384+09:00  WARN 1252 --- [chinbiz-api] [           main] org.hibernate.orm.deprecation            : HHH90000025: MySQLDialect does not need to be specified explicitly using 'hibernate.dialect' (remove the property setting and it will be selected by default)
2026-07-11T19:48:21.384+09:00  INFO 1252 --- [chinbiz-api] [           main] org.hibernate.orm.connections.pooling    : HHH10001005: Database info:
	Database JDBC URL [Connecting through datasource 'HikariDataSource (HikariPool-1)']
	Database driver: undefined/unknown
	Database version: 8.0.46
	Autocommit mode: undefined/unknown
	Isolation level: undefined/unknown
	Minimum pool size: undefined/unknown
	Maximum pool size: undefined/unknown
2026-07-11T19:48:22.100+09:00  INFO 1252 --- [chinbiz-api] [           main] o.h.e.t.j.p.i.JtaPlatformInitiator       : HHH000489: No JTA platform available (set 'hibernate.transaction.jta.platform' to enable JTA platform integration)
Hibernate: 
    alter table category 
       modify column level enum ('LARGE','MEDIUM','SMALL') not null
Hibernate: 
    alter table category 
       modify column status enum ('ACTIVE','INACTIVE') not null
Hibernate: 
    alter table product 
       modify column reward_type enum ('FIXED','RATE') not null
Hibernate: 
    alter table `user` 
       modify column role enum ('BUZZ','CENTER_ADMIN','DIVISION_ADMIN','MANAGER','MASTER_ADMIN','PARTNER') not null
2026-07-11T19:48:22.236+09:00  INFO 1252 --- [chinbiz-api] [           main] j.LocalContainerEntityManagerFactoryBean : Initialized JPA EntityManagerFactory for persistence unit 'default'
2026-07-11T19:48:22.500+09:00  WARN 1252 --- [chinbiz-api] [           main] JpaBaseConfiguration$JpaWebConfiguration : spring.jpa.open-in-view is enabled by default. Therefore, database queries may be performed during view rendering. Explicitly configure spring.jpa.open-in-view to disable this warning
2026-07-11T19:48:22.538+09:00  WARN 1252 --- [chinbiz-api] [           main] .s.s.UserDetailsServiceAutoConfiguration : 

Using generated security password: b4009fb2-7634-40af-8944-b8c34d2fa63f

This generated password is for development use only. Your security configuration must be updated before running your application in production.

2026-07-11T19:48:22.538+09:00  INFO 1252 --- [chinbiz-api] [           main] r$InitializeUserDetailsManagerConfigurer : Global AuthenticationManager configured with UserDetailsService bean with name inMemoryUserDetailsManager
2026-07-11T19:48:22.934+09:00  INFO 1252 --- [chinbiz-api] [           main] o.s.b.w.embedded.tomcat.TomcatWebServer  : Tomcat started on port 9001 (http) with context path '/'
2026-07-11T19:48:22.934+09:00  INFO 1252 --- [chinbiz-api] [           main] com.chinbiz.api.ChinbizApiApplication    : Started ChinbizApiApplication in 3.867 seconds (process running for 4.11)
Hibernate: 
    select
        u1_0.id 
    from
        `user` u1_0 
    where
        u1_0.user_id=? 
    limit
        ?
Hibernate: 
    select
        u1_0.id 
    from
        `user` u1_0 
    where
        u1_0.user_id=? 
    limit
        ?
2026-07-11T19:48:26.172+09:00  INFO 1252 --- [chinbiz-api] [nio-9001-exec-1] o.a.c.c.C.[Tomcat].[localhost].[/]       : Initializing Spring DispatcherServlet 'dispatcherServlet'
2026-07-11T19:48:26.172+09:00  INFO 1252 --- [chinbiz-api] [nio-9001-exec-1] o.s.web.servlet.DispatcherServlet        : Initializing Servlet 'dispatcherServlet'
2026-07-11T19:48:26.172+09:00  INFO 1252 --- [chinbiz-api] [nio-9001-exec-1] o.s.web.servlet.DispatcherServlet        : Completed initialization in 0 ms
Hibernate: 
    select
        u1_0.id,
        u1_0.account_holder,
        u1_0.account_number,
        u1_0.address,
        u1_0.address_detail,
        u1_0.agree_marketing,
        u1_0.bank_name,
        u1_0.created_at,
        u1_0.email,
        u1_0.name,
        u1_0.password,
        u1_0.phone,
        u1_0.referral_code,
        u1_0.role,
        u1_0.sales_center_id,
        u1_0.user_id,
        u1_0.zipcode 
    from
        `user` u1_0 
    where
        u1_0.user_id=?
Hibernate: 
    select
        p1_0.id,
        p1_0.account_holder,
        p1_0.account_number,
        p1_0.address,
        p1_0.address_detail,
        p1_0.bank_name,
        p1_0.business_number,
        p1_0.ceo_name,
        p1_0.company_name,
        p1_0.company_phone,
        p1_0.created_at,
        p1_0.email,
        p1_0.manager_name,
        p1_0.manager_phone,
        p1_0.partner_id,
        p1_0.password,
        p1_0.updated_at,
        p1_0.zipcode 
    from
        partner p1_0 
    where
        p1_0.partner_id=?
Hibernate: 
    select
        u1_0.id,
        u1_0.account_holder,
        u1_0.account_number,
        u1_0.address,
        u1_0.address_detail,
        u1_0.agree_marketing,
        u1_0.bank_name,
        u1_0.created_at,
        u1_0.email,
        u1_0.name,
        u1_0.password,
        u1_0.phone,
        u1_0.referral_code,
        u1_0.role,
        u1_0.sales_center_id,
        u1_0.user_id,
        u1_0.zipcode 
    from
        `user` u1_0 
    where
        u1_0.user_id=?
Hibernate: 
    select
        p1_0.id,
        p1_0.account_holder,
        p1_0.account_number,
        p1_0.address,
        p1_0.address_detail,
        p1_0.bank_name,
        p1_0.business_number,
        p1_0.ceo_name,
        p1_0.company_name,
        p1_0.company_phone,
        p1_0.created_at,
        p1_0.email,
        p1_0.manager_name,
        p1_0.manager_phone,
        p1_0.partner_id,
        p1_0.password,
        p1_0.updated_at,
        p1_0.zipcode 
    from
        partner p1_0 
    where
        p1_0.id=?
Hibernate: 
    select
        p1_0.id,
        p1_0.account_holder,
        p1_0.account_number,
        p1_0.address,
        p1_0.address_detail,
        p1_0.bank_name,
        p1_0.business_number,
        p1_0.ceo_name,
        p1_0.company_name,
        p1_0.company_phone,
        p1_0.created_at,
        p1_0.email,
        p1_0.manager_name,
        p1_0.manager_phone,
        p1_0.partner_id,
        p1_0.password,
        p1_0.updated_at,
        p1_0.zipcode 
    from
        partner p1_0 
    where
        p1_0.id=?
Hibernate: 
    update
        partner 
    set
        account_holder=?,
        account_number=?,
        address=?,
        address_detail=?,
        bank_name=?,
        business_number=?,
        ceo_name=?,
        company_name=?,
        company_phone=?,
        email=?,
        manager_name=?,
        manager_phone=?,
        partner_id=?,
        password=?,
        updated_at=?,
        zipcode=? 
    where
        id=?
Hibernate: 
    select
        u1_0.id,
        u1_0.account_holder,
        u1_0.account_number,
        u1_0.address,
        u1_0.address_detail,
        u1_0.agree_marketing,
        u1_0.bank_name,
        u1_0.created_at,
        u1_0.email,
        u1_0.name,
        u1_0.password,
        u1_0.phone,
        u1_0.referral_code,
        u1_0.role,
        u1_0.sales_center_id,
        u1_0.user_id,
        u1_0.zipcode 
    from
        `user` u1_0 
    where
        u1_0.user_id=?
Hibernate: 
    select
        p1_0.id,
        p1_0.account_holder,
        p1_0.account_number,
        p1_0.address,
        p1_0.address_detail,
        p1_0.bank_name,
        p1_0.business_number,
        p1_0.ceo_name,
        p1_0.company_name,
        p1_0.company_phone,
        p1_0.created_at,
        p1_0.email,
        p1_0.manager_name,
        p1_0.manager_phone,
        p1_0.partner_id,
        p1_0.password,
        p1_0.updated_at,
        p1_0.zipcode 
    from
        partner p1_0 
    where
        p1_0.partner_id=?
Hibernate: 
    select
        p1_0.id,
        p1_0.account_holder,
        p1_0.account_number,
        p1_0.address,
        p1_0.address_detail,
        p1_0.bank_name,
        p1_0.business_number,
        p1_0.ceo_name,
        p1_0.company_name,
        p1_0.company_phone,
        p1_0.created_at,
        p1_0.email,
        p1_0.manager_name,
        p1_0.manager_phone,
        p1_0.partner_id,
        p1_0.password,
        p1_0.updated_at,
        p1_0.zipcode 
    from
        partner p1_0 
    where
        p1_0.partner_id=?
Hibernate: 
    select
        u1_0.id,
        u1_0.account_holder,
        u1_0.account_number,
        u1_0.address,
        u1_0.address_detail,
        u1_0.agree_marketing,
        u1_0.bank_name,
        u1_0.created_at,
        u1_0.email,
        u1_0.name,
        u1_0.password,
        u1_0.phone,
        u1_0.referral_code,
        u1_0.role,
        u1_0.sales_center_id,
        u1_0.user_id,
        u1_0.zipcode 
    from
        `user` u1_0 
    where
        u1_0.user_id=?
Hibernate: 
    select
        p1_0.id,
        p1_0.account_holder,
        p1_0.account_number,
        p1_0.address,
        p1_0.address_detail,
        p1_0.bank_name,
        p1_0.business_number,
        p1_0.ceo_name,
        p1_0.company_name,
        p1_0.company_phone,
        p1_0.created_at,
        p1_0.email,
        p1_0.manager_name,
        p1_0.manager_phone,
        p1_0.partner_id,
        p1_0.password,
        p1_0.updated_at,
        p1_0.zipcode 
    from
        partner p1_0 
    where
        p1_0.partner_id=?
Hibernate: 
    select
        u1_0.id,
        u1_0.account_holder,
        u1_0.account_number,
        u1_0.address,
        u1_0.address_detail,
        u1_0.agree_marketing,
        u1_0.bank_name,
        u1_0.created_at,
        u1_0.email,
        u1_0.name,
        u1_0.password,
        u1_0.phone,
        u1_0.referral_code,
        u1_0.role,
        u1_0.sales_center_id,
        u1_0.user_id,
        u1_0.zipcode 
    from
        `user` u1_0 
    where
        u1_0.user_id=?
Hibernate: 
    select
        p1_0.id,
        p1_0.account_holder,
        p1_0.account_number,
        p1_0.address,
        p1_0.address_detail,
        p1_0.bank_name,
        p1_0.business_number,
        p1_0.ceo_name,
        p1_0.company_name,
        p1_0.company_phone,
        p1_0.created_at,
        p1_0.email,
        p1_0.manager_name,
        p1_0.manager_phone,
        p1_0.partner_id,
        p1_0.password,
        p1_0.updated_at,
        p1_0.zipcode 
    from
        partner p1_0 
    where
        p1_0.partner_id=?
Hibernate: 
    select
        u1_0.id,
        u1_0.account_holder,
        u1_0.account_number,
        u1_0.address,
        u1_0.address_detail,
        u1_0.agree_marketing,
        u1_0.bank_name,
        u1_0.created_at,
        u1_0.email,
        u1_0.name,
        u1_0.password,
        u1_0.phone,
        u1_0.referral_code,
        u1_0.role,
        u1_0.sales_center_id,
        u1_0.user_id,
        u1_0.zipcode 
    from
        `user` u1_0 
    where
        u1_0.user_id=?
Hibernate: 
    select
        p1_0.id,
        p1_0.account_holder,
        p1_0.account_number,
        p1_0.address,
        p1_0.address_detail,
        p1_0.bank_name,
        p1_0.business_number,
        p1_0.ceo_name,
        p1_0.company_name,
        p1_0.company_phone,
        p1_0.created_at,
        p1_0.email,
        p1_0.manager_name,
        p1_0.manager_phone,
        p1_0.partner_id,
        p1_0.password,
        p1_0.updated_at,
        p1_0.zipcode 
    from
        partner p1_0 
    where
        p1_0.partner_id=?
Hibernate: 
    select
        p1_0.id,
        p1_0.account_holder,
        p1_0.account_number,
        p1_0.address,
        p1_0.address_detail,
        p1_0.bank_name,
        p1_0.business_number,
        p1_0.ceo_name,
        p1_0.company_name,
        p1_0.company_phone,
        p1_0.created_at,
        p1_0.email,
        p1_0.manager_name,
        p1_0.manager_phone,
        p1_0.partner_id,
        p1_0.password,
        p1_0.updated_at,
        p1_0.zipcode 
    from
        partner p1_0 
    where
        p1_0.partner_id=?
Hibernate: 
    select
        p1_0.id,
        p1_0.account_holder,
        p1_0.account_number,
        p1_0.address,
        p1_0.address_detail,
        p1_0.bank_name,
        p1_0.business_number,
        p1_0.ceo_name,
        p1_0.company_name,
        p1_0.company_phone,
        p1_0.created_at,
        p1_0.email,
        p1_0.manager_name,
        p1_0.manager_phone,
        p1_0.partner_id,
        p1_0.password,
        p1_0.updated_at,
        p1_0.zipcode 
    from
        partner p1_0 
    where
        p1_0.partner_id=?
Hibernate: 
    select
        p1_0.id,
        p1_0.account_holder,
        p1_0.account_number,
        p1_0.address,
        p1_0.address_detail,
        p1_0.bank_name,
        p1_0.business_number,
        p1_0.ceo_name,
        p1_0.company_name,
        p1_0.company_phone,
        p1_0.created_at,
        p1_0.email,
        p1_0.manager_name,
        p1_0.manager_phone,
        p1_0.partner_id,
        p1_0.password,
        p1_0.updated_at,
        p1_0.zipcode 
    from
        partner p1_0 
    where
        p1_0.partner_id=?
Hibernate: 
    update
        partner 
    set
        account_holder=?,
        account_number=?,
        address=?,
        address_detail=?,
        bank_name=?,
        business_number=?,
        ceo_name=?,
        company_name=?,
        company_phone=?,
        email=?,
        manager_name=?,
        manager_phone=?,
        partner_id=?,
        password=?,
        updated_at=?,
        zipcode=? 
    where
        id=?
Hibernate: 
    select
        u1_0.id,
        u1_0.account_holder,
        u1_0.account_number,
        u1_0.address,
        u1_0.address_detail,
        u1_0.agree_marketing,
        u1_0.bank_name,
        u1_0.created_at,
        u1_0.email,
        u1_0.name,
        u1_0.password,
        u1_0.phone,
        u1_0.referral_code,
        u1_0.role,
        u1_0.sales_center_id,
        u1_0.user_id,
        u1_0.zipcode 
    from
        `user` u1_0 
    where
        u1_0.user_id=?
Hibernate: 
    select
        p1_0.id,
        p1_0.account_holder,
        p1_0.account_number,
        p1_0.address,
        p1_0.address_detail,
        p1_0.bank_name,
        p1_0.business_number,
        p1_0.ceo_name,
        p1_0.company_name,
        p1_0.company_phone,
        p1_0.created_at,
        p1_0.email,
        p1_0.manager_name,
        p1_0.manager_phone,
        p1_0.partner_id,
        p1_0.password,
        p1_0.updated_at,
        p1_0.zipcode 
    from
        partner p1_0 
    where
        p1_0.partner_id=?
Hibernate: 
    select
        p1_0.id,
        p1_0.account_holder,
        p1_0.account_number,
        p1_0.address,
        p1_0.address_detail,
        p1_0.bank_name,
        p1_0.business_number,
        p1_0.ceo_name,
        p1_0.company_name,
        p1_0.company_phone,
        p1_0.created_at,
        p1_0.email,
        p1_0.manager_name,
        p1_0.manager_phone,
        p1_0.partner_id,
        p1_0.password,
        p1_0.updated_at,
        p1_0.zipcode 
    from
        partner p1_0 
    where
        p1_0.partner_id=?
Hibernate: 
    select
        u1_0.id,
        u1_0.account_holder,
        u1_0.account_number,
        u1_0.address,
        u1_0.address_detail,
        u1_0.agree_marketing,
        u1_0.bank_name,
        u1_0.created_at,
        u1_0.email,
        u1_0.name,
        u1_0.password,
        u1_0.phone,
        u1_0.referral_code,
        u1_0.role,
        u1_0.sales_center_id,
        u1_0.user_id,
        u1_0.zipcode 
    from
        `user` u1_0 
    where
        u1_0.user_id=?
Hibernate: 
    select
        p1_0.id,
        p1_0.account_holder,
        p1_0.account_number,
        p1_0.address,
        p1_0.address_detail,
        p1_0.bank_name,
        p1_0.business_number,
        p1_0.ceo_name,
        p1_0.company_name,
        p1_0.company_phone,
        p1_0.created_at,
        p1_0.email,
        p1_0.manager_name,
        p1_0.manager_phone,
        p1_0.partner_id,
        p1_0.password,
        p1_0.updated_at,
        p1_0.zipcode 
    from
        partner p1_0 
    where
        p1_0.partner_id=?
Hibernate: 
    select
        p1_0.id,
        p1_0.account_holder,
        p1_0.account_number,
        p1_0.address,
        p1_0.address_detail,
        p1_0.bank_name,
        p1_0.business_number,
        p1_0.ceo_name,
        p1_0.company_name,
        p1_0.company_phone,
        p1_0.created_at,
        p1_0.email,
        p1_0.manager_name,
        p1_0.manager_phone,
        p1_0.partner_id,
        p1_0.password,
        p1_0.updated_at,
        p1_0.zipcode 
    from
        partner p1_0 
    where
        p1_0.partner_id=?
Hibernate: 
    update
        partner 
    set
        account_holder=?,
        account_number=?,
        address=?,
        address_detail=?,
        bank_name=?,
        business_number=?,
        ceo_name=?,
        company_name=?,
        company_phone=?,
        email=?,
        manager_name=?,
        manager_phone=?,
        partner_id=?,
        password=?,
        updated_at=?,
        zipcode=? 
    where
        id=?
Hibernate: 
    select
        p1_0.id,
        p1_0.account_holder,
        p1_0.account_number,
        p1_0.address,
        p1_0.address_detail,
        p1_0.bank_name,
        p1_0.business_number,
        p1_0.ceo_name,
        p1_0.company_name,
        p1_0.company_phone,
        p1_0.created_at,
        p1_0.email,
        p1_0.manager_name,
        p1_0.manager_phone,
        p1_0.partner_id,
        p1_0.password,
        p1_0.updated_at,
        p1_0.zipcode 
    from
        partner p1_0 
    where
        p1_0.partner_id=?
Hibernate: 
    select
        u1_0.id,
        u1_0.account_holder,
        u1_0.account_number,
        u1_0.address,
        u1_0.address_detail,
        u1_0.agree_marketing,
        u1_0.bank_name,
        u1_0.created_at,
        u1_0.email,
        u1_0.name,
        u1_0.password,
        u1_0.phone,
        u1_0.referral_code,
        u1_0.role,
        u1_0.sales_center_id,
        u1_0.user_id,
        u1_0.zipcode 
    from
        `user` u1_0 
    where
        u1_0.user_id=?
Hibernate: 
    select
        p1_0.id,
        p1_0.account_holder,
        p1_0.account_number,
        p1_0.address,
        p1_0.address_detail,
        p1_0.bank_name,
        p1_0.business_number,
        p1_0.ceo_name,
        p1_0.company_name,
        p1_0.company_phone,
        p1_0.created_at,
        p1_0.email,
        p1_0.manager_name,
        p1_0.manager_phone,
        p1_0.partner_id,
        p1_0.password,
        p1_0.updated_at,
        p1_0.zipcode 
    from
        partner p1_0 
    where
        p1_0.partner_id=?
Hibernate: 
    select
        u1_0.id,
        u1_0.account_holder,
        u1_0.account_number,
        u1_0.address,
        u1_0.address_detail,
        u1_0.agree_marketing,
        u1_0.bank_name,
        u1_0.created_at,
        u1_0.email,
        u1_0.name,
        u1_0.password,
        u1_0.phone,
        u1_0.referral_code,
        u1_0.role,
        u1_0.sales_center_id,
        u1_0.user_id,
        u1_0.zipcode 
    from
        `user` u1_0 
    where
        u1_0.user_id=?
Hibernate: 
    select
        p1_0.id,
        p1_0.account_holder,
        p1_0.account_number,
        p1_0.address,
        p1_0.address_detail,
        p1_0.bank_name,
        p1_0.business_number,
        p1_0.ceo_name,
        p1_0.company_name,
        p1_0.company_phone,
        p1_0.created_at,
        p1_0.email,
        p1_0.manager_name,
        p1_0.manager_phone,
        p1_0.partner_id,
        p1_0.password,
        p1_0.updated_at,
        p1_0.zipcode 
    from
        partner p1_0 
    where
        p1_0.partner_id=?
Hibernate: 
    select
        p1_0.id,
        p1_0.account_holder,
        p1_0.account_number,
        p1_0.address,
        p1_0.address_detail,
        p1_0.bank_name,
        p1_0.business_number,
        p1_0.ceo_name,
        p1_0.company_name,
        p1_0.company_phone,
        p1_0.created_at,
        p1_0.email,
        p1_0.manager_name,
        p1_0.manager_phone,
        p1_0.partner_id,
        p1_0.password,
        p1_0.updated_at,
        p1_0.zipcode 
    from
        partner p1_0 
    where
        p1_0.partner_id=?
Hibernate: 
    select
        p1_0.id,
        p1_0.account_holder,
        p1_0.account_number,
        p1_0.address,
        p1_0.address_detail,
        p1_0.bank_name,
        p1_0.business_number,
        p1_0.ceo_name,
        p1_0.company_name,
        p1_0.company_phone,
        p1_0.created_at,
        p1_0.email,
        p1_0.manager_name,
        p1_0.manager_phone,
        p1_0.partner_id,
        p1_0.password,
        p1_0.updated_at,
        p1_0.zipcode 
    from
        partner p1_0 
    where
        p1_0.partner_id=?
